STREAM POOL TEST RESULTS
Date: Sat Oct 18 20:44:28 CEST 2025
Host: 127.0.0.1:1080

TEST 1: PASS
